2026-02-09 20:05:34 | INFO | P05 | === RUN START ===
2026-02-09 20:05:34 | INFO | P05 | project=P05 Pipeline Example (DuckDB)
2026-02-09 20:05:34 | INFO | P05 | repo_dir=datafun-05-sql
2026-02-09 20:05:34 | INFO | P05 | python=3.14.2
2026-02-09 20:05:34 | INFO | P05 | os=Windows 10
2026-02-09 20:05:34 | INFO | P05 | shell=powershell
2026-02-09 20:05:34 | INFO | P05 | cwd=.
2026-02-09 20:05:34 | INFO | P05 | github_actions=False
2026-02-09 20:05:34 | INFO | P05 | START main()
2026-02-09 20:05:34 | INFO | P05 | ROOT_DIR: C:\Repos\datafun-05-sql
2026-02-09 20:05:34 | INFO | P05 | DATA_DIR: C:\Repos\datafun-05-sql\data\retail
2026-02-09 20:05:34 | INFO | P05 | SQL_DIR: C:\Repos\datafun-05-sql\sql\duckdb
2026-02-09 20:05:34 | INFO | P05 | DB_PATH: C:\Repos\datafun-05-sql\artifacts\duckdb\retail.duckdb
2026-02-09 20:05:34 | INFO | P05 | RUN SQL script: C:\Repos\datafun-05-sql\sql\duckdb\case_retail_clean.sql
2026-02-09 20:05:34 | INFO | P05 | DONE SQL script: C:\Repos\datafun-05-sql\sql\duckdb\case_retail_clean.sql
2026-02-09 20:05:34 | INFO | P05 | RUN SQL script: C:\Repos\datafun-05-sql\sql\duckdb\case_retail_bootstrap.sql
2026-02-09 20:05:34 | INFO | P05 | DONE SQL script: C:\Repos\datafun-05-sql\sql\duckdb\case_retail_bootstrap.sql
2026-02-09 20:05:34 | INFO | P05 |
2026-02-09 20:05:34 | INFO | P05 | RUN SQL query: C:\Repos\datafun-05-sql\sql\duckdb\case_retail_query_store_count.sql
2026-02-09 20:05:34 | INFO | P05 | ====================================
2026-02-09 20:05:34 | INFO | P05 | case_retail_query_store_count.sql
2026-02-09 20:05:34 | INFO | P05 | ====================================
2026-02-09 20:05:34 | INFO | P05 | store_count
2026-02-09 20:05:34 | INFO | P05 | 3
2026-02-09 20:05:34 | INFO | P05 |
2026-02-09 20:05:34 | INFO | P05 | RUN SQL query: C:\Repos\datafun-05-sql\sql\duckdb\case_retail_query_sales_count.sql
2026-02-09 20:05:34 | INFO | P05 | ====================================
2026-02-09 20:05:34 | INFO | P05 | case_retail_query_sales_count.sql
2026-02-09 20:05:34 | INFO | P05 | ====================================
2026-02-09 20:05:34 | INFO | P05 | sale_count
2026-02-09 20:05:34 | INFO | P05 | 5
2026-02-09 20:05:34 | INFO | P05 |
2026-02-09 20:05:34 | INFO | P05 | RUN SQL query: C:\Repos\datafun-05-sql\sql\duckdb\case_retail_query_sales_aggregate.sql
2026-02-09 20:05:34 | INFO | P05 | ====================================
2026-02-09 20:05:34 | INFO | P05 | case_retail_query_sales_aggregate.sql
2026-02-09 20:05:34 | INFO | P05 | ====================================
2026-02-09 20:05:34 | INFO | P05 | sale_count, total_revenue, avg_sale_amount
2026-02-09 20:05:34 | INFO | P05 | 5, 505.0, 101.0
2026-02-09 20:05:34 | INFO | P05 |
2026-02-09 20:05:34 | INFO | P05 | RUN SQL query: C:\Repos\datafun-05-sql\sql\duckdb\case_retail_query_sales_by_category.sql
2026-02-09 20:05:34 | INFO | P05 | ====================================
2026-02-09 20:05:34 | INFO | P05 | case_retail_query_sales_by_category.sql
2026-02-09 20:05:34 | INFO | P05 | ====================================
2026-02-09 20:05:34 | INFO | P05 | product_category, sale_count, total_revenue, avg_sale_amount
2026-02-09 20:05:34 | INFO | P05 | Outdoors, 1, 250.0, 250.0
2026-02-09 20:05:34 | INFO | P05 | Clothing, 2, 180.0, 90.0
2026-02-09 20:05:34 | INFO | P05 | Food, 2, 75.0, 37.5
2026-02-09 20:05:34 | INFO | P05 |
2026-02-09 20:05:34 | INFO | P05 | RUN SQL query: C:\Repos\datafun-05-sql\sql\duckdb\case_retail_query_kpi_revenue.sql
2026-02-09 20:05:34 | INFO | P05 | ====================================
2026-02-09 20:05:34 | INFO | P05 | case_retail_query_kpi_revenue.sql
2026-02-09 20:05:34 | INFO | P05 | ====================================
2026-02-09 20:05:34 | INFO | P05 | store_id, store_name, city, region, sale_count, total_revenue, avg_sale_amount
2026-02-09 20:05:34 | INFO | P05 | S002, Lakeside Shop, Ely, North, 2, 280.0, 140.0
2026-02-09 20:05:34 | INFO | P05 | S001, North Market, Duluth, North, 2, 165.0, 82.5
2026-02-09 20:05:34 | INFO | P05 | S003, Central Plaza, Mankato, South, 1, 60.0, 60.0
2026-02-09 20:05:34 | INFO | P05 | END main()
2026-02-09 20:13:32 | INFO | P05 | === RUN START ===
2026-02-09 20:13:32 | INFO | P05 | project=P05 Pipeline Example (DuckDB)
2026-02-09 20:13:32 | INFO | P05 | repo_dir=datafun-05-sql
2026-02-09 20:13:32 | INFO | P05 | python=3.14.2
2026-02-09 20:13:32 | INFO | P05 | os=Windows 10
2026-02-09 20:13:32 | INFO | P05 | shell=powershell
2026-02-09 20:13:32 | INFO | P05 | cwd=.
2026-02-09 20:13:32 | INFO | P05 | github_actions=False
2026-02-09 20:13:32 | INFO | P05 | START main()
2026-02-09 20:13:32 | INFO | P05 | ROOT_DIR: C:\Repos\datafun-05-sql
2026-02-09 20:13:32 | INFO | P05 | DATA_DIR: C:\Repos\datafun-05-sql\data\retail
2026-02-09 20:13:32 | INFO | P05 | SQL_DIR: C:\Repos\datafun-05-sql\sql\duckdb
2026-02-09 20:13:32 | INFO | P05 | DB_PATH: C:\Repos\datafun-05-sql\artifacts\duckdb\retail.duckdb
2026-02-09 20:13:32 | INFO | P05 | RUN SQL script: C:\Repos\datafun-05-sql\sql\duckdb\case_retail_clean.sql
2026-02-09 20:13:32 | INFO | P05 | DONE SQL script: C:\Repos\datafun-05-sql\sql\duckdb\case_retail_clean.sql
2026-02-09 20:13:32 | INFO | P05 | RUN SQL script: C:\Repos\datafun-05-sql\sql\duckdb\case_retail_bootstrap.sql
2026-02-09 20:13:32 | INFO | P05 | DONE SQL script: C:\Repos\datafun-05-sql\sql\duckdb\case_retail_bootstrap.sql
2026-02-09 20:13:32 | INFO | P05 |
2026-02-09 20:13:32 | INFO | P05 | RUN SQL query: C:\Repos\datafun-05-sql\sql\duckdb\case_retail_query_store_count.sql
2026-02-09 20:13:32 | INFO | P05 | ====================================
2026-02-09 20:13:32 | INFO | P05 | case_retail_query_store_count.sql
2026-02-09 20:13:32 | INFO | P05 | ====================================
2026-02-09 20:13:32 | INFO | P05 | store_count
2026-02-09 20:13:32 | INFO | P05 | 3
2026-02-09 20:13:32 | INFO | P05 |
2026-02-09 20:13:32 | INFO | P05 | RUN SQL query: C:\Repos\datafun-05-sql\sql\duckdb\case_retail_query_sales_count.sql
2026-02-09 20:13:32 | INFO | P05 | ====================================
2026-02-09 20:13:32 | INFO | P05 | case_retail_query_sales_count.sql
2026-02-09 20:13:32 | INFO | P05 | ====================================
2026-02-09 20:13:32 | INFO | P05 | sale_count
2026-02-09 20:13:32 | INFO | P05 | 5
2026-02-09 20:13:32 | INFO | P05 |
2026-02-09 20:13:32 | INFO | P05 | RUN SQL query: C:\Repos\datafun-05-sql\sql\duckdb\case_retail_query_sales_aggregate.sql
2026-02-09 20:13:32 | INFO | P05 | ====================================
2026-02-09 20:13:32 | INFO | P05 | case_retail_query_sales_aggregate.sql
2026-02-09 20:13:32 | INFO | P05 | ====================================
2026-02-09 20:13:32 | INFO | P05 | sale_count, total_revenue, avg_sale_amount
2026-02-09 20:13:32 | INFO | P05 | 5, 505.0, 101.0
2026-02-09 20:13:32 | INFO | P05 |
2026-02-09 20:13:32 | INFO | P05 | RUN SQL query: C:\Repos\datafun-05-sql\sql\duckdb\case_retail_query_sales_by_category.sql
2026-02-09 20:13:32 | INFO | P05 | ====================================
2026-02-09 20:13:32 | INFO | P05 | case_retail_query_sales_by_category.sql
2026-02-09 20:13:32 | INFO | P05 | ====================================
2026-02-09 20:13:32 | INFO | P05 | product_category, sale_count, total_revenue, avg_sale_amount
2026-02-09 20:13:32 | INFO | P05 | Outdoors, 1, 250.0, 250.0
2026-02-09 20:13:32 | INFO | P05 | Clothing, 2, 180.0, 90.0
2026-02-09 20:13:32 | INFO | P05 | Food, 2, 75.0, 37.5
2026-02-09 20:13:32 | INFO | P05 |
2026-02-09 20:13:32 | INFO | P05 | RUN SQL query: C:\Repos\datafun-05-sql\sql\duckdb\case_retail_query_kpi_revenue.sql
2026-02-09 20:13:32 | INFO | P05 | ====================================
2026-02-09 20:13:32 | INFO | P05 | case_retail_query_kpi_revenue.sql
2026-02-09 20:13:32 | INFO | P05 | ====================================
2026-02-09 20:13:32 | INFO | P05 | store_id, store_name, city, region, sale_count, total_revenue, avg_sale_amount
2026-02-09 20:13:32 | INFO | P05 | S002, Lakeside Shop, Ely, North, 2, 280.0, 140.0
2026-02-09 20:13:32 | INFO | P05 | S001, North Market, Duluth, North, 2, 165.0, 82.5
2026-02-09 20:13:32 | INFO | P05 | S003, Central Plaza, Mankato, South, 1, 60.0, 60.0
2026-02-09 20:13:32 | INFO | P05 | END main()
2026-02-10 12:41:14 | INFO | P05 | === RUN START ===
2026-02-10 12:41:14 | INFO | P05 | project=P05 Pipeline (DuckDB)
2026-02-10 12:41:14 | INFO | P05 | repo_dir=datafun-05-sql
2026-02-10 12:41:14 | INFO | P05 | python=3.14.2
2026-02-10 12:41:14 | INFO | P05 | os=Windows 10
2026-02-10 12:41:14 | INFO | P05 | shell=powershell
2026-02-10 12:41:14 | INFO | P05 | cwd=.
2026-02-10 12:41:14 | INFO | P05 | github_actions=False
2026-02-10 12:41:14 | INFO | P05 | START main()
2026-02-10 12:41:14 | INFO | P05 | ROOT_DIR: C:\Repos\datafun-05-sql
2026-02-10 12:41:14 | INFO | P05 | DATA_DIR: C:\Repos\datafun-05-sql\data\shelter
2026-02-10 12:41:14 | INFO | P05 | SQL_DIR: C:\Repos\datafun-05-sql\sql\duckdb
2026-02-10 12:41:14 | INFO | P05 | DB_PATH: C:\Repos\datafun-05-sql\artifacts\duckdb\shelter.duckdb
2026-02-10 12:41:14 | INFO | P05 | RUN SQL script: C:\Repos\datafun-05-sql\sql\duckdb\kander643_shelter_clean.sql
2026-02-10 12:41:14 | INFO | P05 | DONE SQL script: C:\Repos\datafun-05-sql\sql\duckdb\kander643_shelter_clean.sql
2026-02-10 12:41:14 | INFO | P05 | RUN SQL script: C:\Repos\datafun-05-sql\sql\duckdb\kander643_shelter_bootstrap.sql
2026-02-10 12:48:31 | INFO | P05 | === RUN START ===
2026-02-10 12:48:31 | INFO | P05 | project=P05 Pipeline (DuckDB)
2026-02-10 12:48:31 | INFO | P05 | repo_dir=datafun-05-sql
2026-02-10 12:48:31 | INFO | P05 | python=3.14.2
2026-02-10 12:48:31 | INFO | P05 | os=Windows 10
2026-02-10 12:48:31 | INFO | P05 | shell=powershell
2026-02-10 12:48:31 | INFO | P05 | cwd=.
2026-02-10 12:48:31 | INFO | P05 | github_actions=False
2026-02-10 12:48:31 | INFO | P05 | START main()
2026-02-10 12:48:31 | INFO | P05 | ROOT_DIR: C:\Repos\datafun-05-sql
2026-02-10 12:48:31 | INFO | P05 | DATA_DIR: C:\Repos\datafun-05-sql\data\shelter
2026-02-10 12:48:31 | INFO | P05 | SQL_DIR: C:\Repos\datafun-05-sql\sql\duckdb
2026-02-10 12:48:31 | INFO | P05 | DB_PATH: C:\Repos\datafun-05-sql\artifacts\duckdb\shelter.duckdb
2026-02-10 12:48:31 | INFO | P05 | RUN SQL script: C:\Repos\datafun-05-sql\sql\duckdb\kander643_shelter_clean.sql
2026-02-10 12:48:31 | INFO | P05 | DONE SQL script: C:\Repos\datafun-05-sql\sql\duckdb\kander643_shelter_clean.sql
2026-02-10 12:48:31 | INFO | P05 | RUN SQL script: C:\Repos\datafun-05-sql\sql\duckdb\kander643_shelter_bootstrap.sql
2026-02-10 12:48:31 | INFO | P05 | DONE SQL script: C:\Repos\datafun-05-sql\sql\duckdb\kander643_shelter_bootstrap.sql
2026-02-10 12:48:31 | INFO | P05 | 
2026-02-10 12:48:31 | INFO | P05 | RUN SQL query: C:\Repos\datafun-05-sql\sql\duckdb\kander643_shelter_query_shelter_count.sql
2026-02-10 12:48:31 | INFO | P05 | ====================================
2026-02-10 12:48:31 | INFO | P05 | kander643_shelter_query_shelter_count.sql
2026-02-10 12:48:31 | INFO | P05 | ====================================
2026-02-10 12:48:31 | INFO | P05 | shelter_count
2026-02-10 12:48:31 | INFO | P05 | 3
2026-02-10 12:48:31 | INFO | P05 | 
2026-02-10 12:48:31 | INFO | P05 | RUN SQL query: C:\Repos\datafun-05-sql\sql\duckdb\kander643_shelter_query_adoption_count.sql
2026-02-10 12:48:31 | INFO | P05 | ====================================
2026-02-10 12:48:31 | INFO | P05 | kander643_shelter_query_adoption_count.sql
2026-02-10 12:48:31 | INFO | P05 | ====================================
2026-02-10 12:48:31 | INFO | P05 | adoption_count
2026-02-10 12:48:31 | INFO | P05 | 5
2026-02-10 12:48:31 | INFO | P05 | 
2026-02-10 12:48:31 | INFO | P05 | RUN SQL query: C:\Repos\datafun-05-sql\sql\duckdb\kander643_shelter_query_adoption_aggregate.sql
2026-02-10 12:50:41 | INFO | P05 | === RUN START ===
2026-02-10 12:50:41 | INFO | P05 | project=P05 Pipeline (DuckDB)
2026-02-10 12:50:41 | INFO | P05 | repo_dir=datafun-05-sql
2026-02-10 12:50:41 | INFO | P05 | python=3.14.2
2026-02-10 12:50:41 | INFO | P05 | os=Windows 10
2026-02-10 12:50:41 | INFO | P05 | shell=powershell
2026-02-10 12:50:41 | INFO | P05 | cwd=.
2026-02-10 12:50:41 | INFO | P05 | github_actions=False
2026-02-10 12:50:41 | INFO | P05 | START main()
2026-02-10 12:50:41 | INFO | P05 | ROOT_DIR: C:\Repos\datafun-05-sql
2026-02-10 12:50:41 | INFO | P05 | DATA_DIR: C:\Repos\datafun-05-sql\data\shelter
2026-02-10 12:50:41 | INFO | P05 | SQL_DIR: C:\Repos\datafun-05-sql\sql\duckdb
2026-02-10 12:50:41 | INFO | P05 | DB_PATH: C:\Repos\datafun-05-sql\artifacts\duckdb\shelter.duckdb
2026-02-10 12:50:41 | INFO | P05 | RUN SQL script: C:\Repos\datafun-05-sql\sql\duckdb\kander643_shelter_clean.sql
2026-02-10 12:50:41 | INFO | P05 | DONE SQL script: C:\Repos\datafun-05-sql\sql\duckdb\kander643_shelter_clean.sql
2026-02-10 12:50:41 | INFO | P05 | RUN SQL script: C:\Repos\datafun-05-sql\sql\duckdb\kander643_shelter_bootstrap.sql
2026-02-10 12:50:42 | INFO | P05 | DONE SQL script: C:\Repos\datafun-05-sql\sql\duckdb\kander643_shelter_bootstrap.sql
2026-02-10 12:50:42 | INFO | P05 | 
2026-02-10 12:50:42 | INFO | P05 | RUN SQL query: C:\Repos\datafun-05-sql\sql\duckdb\kander643_shelter_query_shelter_count.sql
2026-02-10 12:50:42 | INFO | P05 | ====================================
2026-02-10 12:50:42 | INFO | P05 | kander643_shelter_query_shelter_count.sql
2026-02-10 12:50:42 | INFO | P05 | ====================================
2026-02-10 12:50:42 | INFO | P05 | shelter_count
2026-02-10 12:50:42 | INFO | P05 | 3
2026-02-10 12:50:42 | INFO | P05 | 
2026-02-10 12:50:42 | INFO | P05 | RUN SQL query: C:\Repos\datafun-05-sql\sql\duckdb\kander643_shelter_query_adoption_count.sql
2026-02-10 12:50:42 | INFO | P05 | ====================================
2026-02-10 12:50:42 | INFO | P05 | kander643_shelter_query_adoption_count.sql
2026-02-10 12:50:42 | INFO | P05 | ====================================
2026-02-10 12:50:42 | INFO | P05 | adoption_count
2026-02-10 12:50:42 | INFO | P05 | 5
2026-02-10 12:50:42 | INFO | P05 | 
2026-02-10 12:50:42 | INFO | P05 | RUN SQL query: C:\Repos\datafun-05-sql\sql\duckdb\kander643_shelter_query_adoption_aggregate.sql
2026-02-10 12:50:42 | INFO | P05 | ====================================
2026-02-10 12:50:42 | INFO | P05 | kander643_shelter_query_adoption_aggregate.sql
2026-02-10 12:50:42 | INFO | P05 | ====================================
2026-02-10 12:50:42 | INFO | P05 | animal_type, adoption_count, fee_revenue
2026-02-10 12:50:42 | INFO | P05 | Cat, 2, 135.0
2026-02-10 12:50:42 | INFO | P05 | Dog, 3, 270.0
2026-02-10 12:50:42 | INFO | P05 | 
2026-02-10 12:50:42 | INFO | P05 | RUN SQL query: C:\Repos\datafun-05-sql\sql\duckdb\kander643_shelter_query_adoption_by_category.sql
2026-02-10 12:50:49 | INFO | P05 | === RUN START ===
2026-02-10 12:50:49 | INFO | P05 | project=P05 Pipeline (DuckDB)
2026-02-10 12:50:49 | INFO | P05 | repo_dir=datafun-05-sql
2026-02-10 12:50:49 | INFO | P05 | python=3.14.2
2026-02-10 12:50:49 | INFO | P05 | os=Windows 10
2026-02-10 12:50:49 | INFO | P05 | shell=powershell
2026-02-10 12:50:49 | INFO | P05 | cwd=.
2026-02-10 12:50:49 | INFO | P05 | github_actions=False
2026-02-10 12:50:49 | INFO | P05 | START main()
2026-02-10 12:50:49 | INFO | P05 | ROOT_DIR: C:\Repos\datafun-05-sql
2026-02-10 12:50:49 | INFO | P05 | DATA_DIR: C:\Repos\datafun-05-sql\data\shelter
2026-02-10 12:50:49 | INFO | P05 | SQL_DIR: C:\Repos\datafun-05-sql\sql\duckdb
2026-02-10 12:50:49 | INFO | P05 | DB_PATH: C:\Repos\datafun-05-sql\artifacts\duckdb\shelter.duckdb
2026-02-10 12:50:49 | INFO | P05 | RUN SQL script: C:\Repos\datafun-05-sql\sql\duckdb\kander643_shelter_clean.sql
2026-02-10 12:50:49 | INFO | P05 | DONE SQL script: C:\Repos\datafun-05-sql\sql\duckdb\kander643_shelter_clean.sql
2026-02-10 12:50:49 | INFO | P05 | RUN SQL script: C:\Repos\datafun-05-sql\sql\duckdb\kander643_shelter_bootstrap.sql
2026-02-10 12:50:49 | INFO | P05 | DONE SQL script: C:\Repos\datafun-05-sql\sql\duckdb\kander643_shelter_bootstrap.sql
2026-02-10 12:50:49 | INFO | P05 | 
2026-02-10 12:50:49 | INFO | P05 | RUN SQL query: C:\Repos\datafun-05-sql\sql\duckdb\kander643_shelter_query_shelter_count.sql
2026-02-10 12:50:49 | INFO | P05 | ====================================
2026-02-10 12:50:50 | INFO | P05 | kander643_shelter_query_shelter_count.sql
2026-02-10 12:50:50 | INFO | P05 | ====================================
2026-02-10 12:50:50 | INFO | P05 | shelter_count
2026-02-10 12:50:50 | INFO | P05 | 3
2026-02-10 12:50:50 | INFO | P05 | 
2026-02-10 12:50:50 | INFO | P05 | RUN SQL query: C:\Repos\datafun-05-sql\sql\duckdb\kander643_shelter_query_adoption_count.sql
2026-02-10 12:50:50 | INFO | P05 | ====================================
2026-02-10 12:50:50 | INFO | P05 | kander643_shelter_query_adoption_count.sql
2026-02-10 12:50:50 | INFO | P05 | ====================================
2026-02-10 12:50:50 | INFO | P05 | adoption_count
2026-02-10 12:50:50 | INFO | P05 | 5
2026-02-10 12:50:50 | INFO | P05 | 
2026-02-10 12:50:50 | INFO | P05 | RUN SQL query: C:\Repos\datafun-05-sql\sql\duckdb\kander643_shelter_query_adoption_aggregate.sql
2026-02-10 12:50:50 | INFO | P05 | ====================================
2026-02-10 12:50:50 | INFO | P05 | kander643_shelter_query_adoption_aggregate.sql
2026-02-10 12:50:50 | INFO | P05 | ====================================
2026-02-10 12:50:50 | INFO | P05 | animal_type, adoption_count, fee_revenue
2026-02-10 12:50:50 | INFO | P05 | Cat, 2, 135.0
2026-02-10 12:50:50 | INFO | P05 | Dog, 3, 270.0
2026-02-10 12:50:50 | INFO | P05 | 
2026-02-10 12:50:50 | INFO | P05 | RUN SQL query: C:\Repos\datafun-05-sql\sql\duckdb\kander643_shelter_query_adoption_by_category.sql
2026-02-10 12:51:46 | INFO | P05 | === RUN START ===
2026-02-10 12:51:46 | INFO | P05 | project=P05 Pipeline (DuckDB)
2026-02-10 12:51:46 | INFO | P05 | repo_dir=datafun-05-sql
2026-02-10 12:51:46 | INFO | P05 | python=3.14.2
2026-02-10 12:51:46 | INFO | P05 | os=Windows 10
2026-02-10 12:51:46 | INFO | P05 | shell=powershell
2026-02-10 12:51:46 | INFO | P05 | cwd=.
2026-02-10 12:51:46 | INFO | P05 | github_actions=False
2026-02-10 12:51:46 | INFO | P05 | START main()
2026-02-10 12:51:46 | INFO | P05 | ROOT_DIR: C:\Repos\datafun-05-sql
2026-02-10 12:51:46 | INFO | P05 | DATA_DIR: C:\Repos\datafun-05-sql\data\shelter
2026-02-10 12:51:46 | INFO | P05 | SQL_DIR: C:\Repos\datafun-05-sql\sql\duckdb
2026-02-10 12:51:46 | INFO | P05 | DB_PATH: C:\Repos\datafun-05-sql\artifacts\duckdb\shelter.duckdb
2026-02-10 12:51:46 | INFO | P05 | RUN SQL script: C:\Repos\datafun-05-sql\sql\duckdb\kander643_shelter_clean.sql
2026-02-10 12:51:46 | INFO | P05 | DONE SQL script: C:\Repos\datafun-05-sql\sql\duckdb\kander643_shelter_clean.sql
2026-02-10 12:51:46 | INFO | P05 | RUN SQL script: C:\Repos\datafun-05-sql\sql\duckdb\kander643_shelter_bootstrap.sql
2026-02-10 12:51:46 | INFO | P05 | DONE SQL script: C:\Repos\datafun-05-sql\sql\duckdb\kander643_shelter_bootstrap.sql
2026-02-10 12:51:46 | INFO | P05 | 
2026-02-10 12:51:46 | INFO | P05 | RUN SQL query: C:\Repos\datafun-05-sql\sql\duckdb\kander643_shelter_query_shelter_count.sql
2026-02-10 12:51:46 | INFO | P05 | ====================================
2026-02-10 12:51:46 | INFO | P05 | kander643_shelter_query_shelter_count.sql
2026-02-10 12:51:46 | INFO | P05 | ====================================
2026-02-10 12:51:46 | INFO | P05 | shelter_count
2026-02-10 12:51:46 | INFO | P05 | 3
2026-02-10 12:51:46 | INFO | P05 | 
2026-02-10 12:51:46 | INFO | P05 | RUN SQL query: C:\Repos\datafun-05-sql\sql\duckdb\kander643_shelter_query_adoption_count.sql
2026-02-10 12:51:46 | INFO | P05 | ====================================
2026-02-10 12:51:46 | INFO | P05 | kander643_shelter_query_adoption_count.sql
2026-02-10 12:51:46 | INFO | P05 | ====================================
2026-02-10 12:51:46 | INFO | P05 | adoption_count
2026-02-10 12:51:46 | INFO | P05 | 5
2026-02-10 12:51:46 | INFO | P05 | 
2026-02-10 12:51:46 | INFO | P05 | RUN SQL query: C:\Repos\datafun-05-sql\sql\duckdb\kander643_shelter_query_adoption_aggregate.sql
2026-02-10 12:51:46 | INFO | P05 | ====================================
2026-02-10 12:51:46 | INFO | P05 | kander643_shelter_query_adoption_aggregate.sql
2026-02-10 12:51:46 | INFO | P05 | ====================================
2026-02-10 12:51:46 | INFO | P05 | animal_type, adoption_count, fee_revenue
2026-02-10 12:51:46 | INFO | P05 | Dog, 3, 270.0
2026-02-10 12:51:46 | INFO | P05 | Cat, 2, 135.0
2026-02-10 12:51:46 | INFO | P05 | 
2026-02-10 12:51:46 | INFO | P05 | RUN SQL query: C:\Repos\datafun-05-sql\sql\duckdb\kander643_shelter_query_adoption_by_category.sql
2026-02-10 12:51:46 | INFO | P05 | ====================================
2026-02-10 12:51:46 | INFO | P05 | kander643_shelter_query_adoption_by_category.sql
2026-02-10 12:51:46 | INFO | P05 | ====================================
2026-02-10 12:51:46 | INFO | P05 | animal_type, adoption_count, fee_revenue, avg_adoption_amount
2026-02-10 12:51:46 | INFO | P05 | Dog, 3, 270.0, 90.0
2026-02-10 12:51:46 | INFO | P05 | Cat, 2, 135.0, 67.5
2026-02-10 12:51:46 | INFO | P05 | 
2026-02-10 12:51:46 | INFO | P05 | RUN SQL query: C:\Repos\datafun-05-sql\sql\duckdb\kander643_shelter_query_kpi_adoption_rate.sql
2026-02-10 12:53:51 | INFO | P05 | === RUN START ===
2026-02-10 12:53:51 | INFO | P05 | project=P05 Pipeline (DuckDB)
2026-02-10 12:53:51 | INFO | P05 | repo_dir=datafun-05-sql
2026-02-10 12:53:51 | INFO | P05 | python=3.14.2
2026-02-10 12:53:51 | INFO | P05 | os=Windows 10
2026-02-10 12:53:51 | INFO | P05 | shell=powershell
2026-02-10 12:53:51 | INFO | P05 | cwd=.
2026-02-10 12:53:51 | INFO | P05 | github_actions=False
2026-02-10 12:53:51 | INFO | P05 | START main()
2026-02-10 12:53:51 | INFO | P05 | ROOT_DIR: C:\Repos\datafun-05-sql
2026-02-10 12:53:51 | INFO | P05 | DATA_DIR: C:\Repos\datafun-05-sql\data\shelter
2026-02-10 12:53:51 | INFO | P05 | SQL_DIR: C:\Repos\datafun-05-sql\sql\duckdb
2026-02-10 12:53:51 | INFO | P05 | DB_PATH: C:\Repos\datafun-05-sql\artifacts\duckdb\shelter.duckdb
2026-02-10 12:53:51 | INFO | P05 | RUN SQL script: C:\Repos\datafun-05-sql\sql\duckdb\kander643_shelter_clean.sql
2026-02-10 12:53:51 | INFO | P05 | DONE SQL script: C:\Repos\datafun-05-sql\sql\duckdb\kander643_shelter_clean.sql
2026-02-10 12:53:51 | INFO | P05 | RUN SQL script: C:\Repos\datafun-05-sql\sql\duckdb\kander643_shelter_bootstrap.sql
2026-02-10 12:53:51 | INFO | P05 | DONE SQL script: C:\Repos\datafun-05-sql\sql\duckdb\kander643_shelter_bootstrap.sql
2026-02-10 12:53:51 | INFO | P05 | 
2026-02-10 12:53:51 | INFO | P05 | RUN SQL query: C:\Repos\datafun-05-sql\sql\duckdb\kander643_shelter_query_shelter_count.sql
2026-02-10 12:53:51 | INFO | P05 | ====================================
2026-02-10 12:53:51 | INFO | P05 | kander643_shelter_query_shelter_count.sql
2026-02-10 12:53:51 | INFO | P05 | ====================================
2026-02-10 12:53:51 | INFO | P05 | shelter_count
2026-02-10 12:53:51 | INFO | P05 | 3
2026-02-10 12:53:51 | INFO | P05 | 
2026-02-10 12:53:51 | INFO | P05 | RUN SQL query: C:\Repos\datafun-05-sql\sql\duckdb\kander643_shelter_query_adoption_count.sql
2026-02-10 12:53:51 | INFO | P05 | ====================================
2026-02-10 12:53:51 | INFO | P05 | kander643_shelter_query_adoption_count.sql
2026-02-10 12:53:51 | INFO | P05 | ====================================
2026-02-10 12:53:51 | INFO | P05 | adoption_count
2026-02-10 12:53:51 | INFO | P05 | 5
2026-02-10 12:53:51 | INFO | P05 | 
2026-02-10 12:53:51 | INFO | P05 | RUN SQL query: C:\Repos\datafun-05-sql\sql\duckdb\kander643_shelter_query_adoption_aggregate.sql
2026-02-10 12:53:51 | INFO | P05 | ====================================
2026-02-10 12:53:51 | INFO | P05 | kander643_shelter_query_adoption_aggregate.sql
2026-02-10 12:53:51 | INFO | P05 | ====================================
2026-02-10 12:53:51 | INFO | P05 | animal_type, adoption_count, fee_revenue
2026-02-10 12:53:51 | INFO | P05 | Dog, 3, 270.0
2026-02-10 12:53:51 | INFO | P05 | Cat, 2, 135.0
2026-02-10 12:53:51 | INFO | P05 | 
2026-02-10 12:53:51 | INFO | P05 | RUN SQL query: C:\Repos\datafun-05-sql\sql\duckdb\kander643_shelter_query_adoption_by_category.sql
2026-02-10 12:53:51 | INFO | P05 | ====================================
2026-02-10 12:53:51 | INFO | P05 | kander643_shelter_query_adoption_by_category.sql
2026-02-10 12:53:51 | INFO | P05 | ====================================
2026-02-10 12:53:51 | INFO | P05 | animal_type, adoption_count, fee_revenue, avg_adoption_amount
2026-02-10 12:53:51 | INFO | P05 | Dog, 3, 270.0, 90.0
2026-02-10 12:53:51 | INFO | P05 | Cat, 2, 135.0, 67.5
2026-02-10 12:53:51 | INFO | P05 | 
2026-02-10 12:53:51 | INFO | P05 | RUN SQL query: C:\Repos\datafun-05-sql\sql\duckdb\kander643_shelter_query_kpi_adoption_rate.sql
2026-02-10 12:53:51 | INFO | P05 | ====================================
2026-02-10 12:53:51 | INFO | P05 | kander643_shelter_query_kpi_adoption_rate.sql
2026-02-10 12:53:51 | INFO | P05 | ====================================
2026-02-10 12:53:51 | INFO | P05 | shelter_id, shelter_name, city, region, adoption_count, total_adoption_revenue, avg_adoption_amount
2026-02-10 12:53:51 | INFO | P05 | H001, Downtown Shelter, Milwaukee, Humane Society System, 2, 225.0, 112.5
2026-02-10 12:53:51 | INFO | P05 | H003, South Shelter, Racine, Regional Humane Society Network, 1, 120.0, 120.0
2026-02-10 12:53:51 | INFO | P05 | H002, West Shelter, Elmbrook, Humane Society System, 2, 60.0, 30.0
2026-02-10 12:53:51 | INFO | P05 | END main()
2026-02-10 19:35:26 | INFO | P05 | === RUN START ===
2026-02-10 19:35:26 | INFO | P05 | project=P05 Pipeline (DuckDB)
2026-02-10 19:35:26 | INFO | P05 | repo_dir=datafun-05-sql
2026-02-10 19:35:26 | INFO | P05 | python=3.14.2
2026-02-10 19:35:26 | INFO | P05 | os=Windows 10
2026-02-10 19:35:26 | INFO | P05 | shell=powershell
2026-02-10 19:35:26 | INFO | P05 | cwd=.
2026-02-10 19:35:26 | INFO | P05 | github_actions=False
2026-02-10 19:35:26 | INFO | P05 | START main()
2026-02-10 19:35:26 | INFO | P05 | ROOT_DIR: C:\Repos\datafun-05-sql
2026-02-10 19:35:26 | INFO | P05 | DATA_DIR: C:\Repos\datafun-05-sql\data\shelter
2026-02-10 19:35:26 | INFO | P05 | SQL_DIR: C:\Repos\datafun-05-sql\sql\duckdb
2026-02-10 19:35:26 | INFO | P05 | DB_PATH: C:\Repos\datafun-05-sql\artifacts\duckdb\shelter.duckdb
2026-02-10 19:35:26 | INFO | P05 | RUN SQL script: C:\Repos\datafun-05-sql\sql\duckdb\kander643_shelter_clean.sql
2026-02-10 19:35:26 | INFO | P05 | DONE SQL script: C:\Repos\datafun-05-sql\sql\duckdb\kander643_shelter_clean.sql
2026-02-10 19:35:26 | INFO | P05 | RUN SQL script: C:\Repos\datafun-05-sql\sql\duckdb\kander643_shelter_bootstrap.sql
2026-02-10 19:35:27 | INFO | P05 | DONE SQL script: C:\Repos\datafun-05-sql\sql\duckdb\kander643_shelter_bootstrap.sql
2026-02-10 19:35:27 | INFO | P05 | 
2026-02-10 19:35:27 | INFO | P05 | RUN SQL query: C:\Repos\datafun-05-sql\sql\duckdb\kander643_shelter_query_shelter_count.sql
2026-02-10 19:35:27 | INFO | P05 | ====================================
2026-02-10 19:35:27 | INFO | P05 | kander643_shelter_query_shelter_count.sql
2026-02-10 19:35:27 | INFO | P05 | ====================================
2026-02-10 19:35:27 | INFO | P05 | shelter_count
2026-02-10 19:35:27 | INFO | P05 | 3
2026-02-10 19:35:27 | INFO | P05 | 
2026-02-10 19:35:27 | INFO | P05 | RUN SQL query: C:\Repos\datafun-05-sql\sql\duckdb\kander643_shelter_query_adoption_count.sql
2026-02-10 19:35:27 | INFO | P05 | ====================================
2026-02-10 19:35:27 | INFO | P05 | kander643_shelter_query_adoption_count.sql
2026-02-10 19:35:27 | INFO | P05 | ====================================
2026-02-10 19:35:27 | INFO | P05 | adoption_count
2026-02-10 19:35:27 | INFO | P05 | 5
2026-02-10 19:35:27 | INFO | P05 | 
2026-02-10 19:35:27 | INFO | P05 | RUN SQL query: C:\Repos\datafun-05-sql\sql\duckdb\kander643_shelter_query_adoption_aggregate.sql
2026-02-10 19:35:27 | INFO | P05 | ====================================
2026-02-10 19:35:27 | INFO | P05 | kander643_shelter_query_adoption_aggregate.sql
2026-02-10 19:35:27 | INFO | P05 | ====================================
2026-02-10 19:35:27 | INFO | P05 | animal_type, adoption_count, fee_revenue
2026-02-10 19:35:27 | INFO | P05 | Dog, 3, 270.0
2026-02-10 19:35:27 | INFO | P05 | Cat, 2, 135.0
2026-02-10 19:35:27 | INFO | P05 | 
2026-02-10 19:35:27 | INFO | P05 | RUN SQL query: C:\Repos\datafun-05-sql\sql\duckdb\kander643_shelter_query_adoption_by_category.sql
2026-02-10 19:35:27 | INFO | P05 | ====================================
2026-02-10 19:35:27 | INFO | P05 | kander643_shelter_query_adoption_by_category.sql
2026-02-10 19:35:27 | INFO | P05 | ====================================
2026-02-10 19:35:27 | INFO | P05 | animal_type, adoption_count, fee_revenue, avg_adoption_amount
2026-02-10 19:35:27 | INFO | P05 | Dog, 3, 270.0, 90.0
2026-02-10 19:35:27 | INFO | P05 | Cat, 2, 135.0, 67.5
2026-02-10 19:35:27 | INFO | P05 | 
2026-02-10 19:35:27 | INFO | P05 | RUN SQL query: C:\Repos\datafun-05-sql\sql\duckdb\kander643_shelter_query_kpi_adoption_rate.sql
2026-02-10 19:35:27 | INFO | P05 | ====================================
2026-02-10 19:35:27 | INFO | P05 | kander643_shelter_query_kpi_adoption_rate.sql
2026-02-10 19:35:27 | INFO | P05 | ====================================
2026-02-10 19:35:27 | INFO | P05 | shelter_id, shelter_name, city, region, adoption_count, total_adoption_revenue, avg_adoption_amount
2026-02-10 19:35:27 | INFO | P05 | H001, Downtown Shelter, Milwaukee, Humane Society System, 2, 225.0, 112.5
2026-02-10 19:35:27 | INFO | P05 | H003, South Shelter, Racine, Regional Humane Society Network, 1, 120.0, 120.0
2026-02-10 19:35:27 | INFO | P05 | H002, West Shelter, Elmbrook, Humane Society System, 2, 60.0, 30.0
2026-02-10 19:35:27 | INFO | P05 | END main()
